env: load .env
env: export EXPO_PUBLIC_CLERK_PUBLISHABLE_KEY EXPO_PUBLIC_SUPABASE_URL EXPO_PUBLIC_SUPABASE_KEY
Starting project at D:\native
Starting Metro Bundler
warning: Bundler cache is empty, rebuilding (this may take a minute)
The following packages should be updated for best compatibility with the installed expo version:
  @react-native-async-storage/async-storage@3.1.1 - expected version: 2.2.0
  expo@54.0.36 - expected version: ~54.0.37
  expo-constants@18.0.13 - expected version: ~18.0.14
Your project may not work correctly until you install the expected versions of the packages.
Waiting on http://localhost:8081
Logs for your project will appear below.
Web node_modules\expo-router\entry.js ▓▓░░░░░░░░░░░░░░ 16.0% ( 4/10)
λ node_modules\expo-router\node\render.js ░░░░░░░░░░░░░░░░  4.0% ( 4/22)
Web node_modules\expo-router\entry.js ▓▓░░░░░░░░░░░░░░ 16.0% ( 4/10)
λ node_modules\expo-router\node\render.js ▓░░░░░░░░░░░░░░░  6.5% ( 37/179)
Web node_modules\expo-router\entry.js ▓▓░░░░░░░░░░░░░░ 16.0% ( 4/10)
λ node_modules\expo-router\node\render.js ▓░░░░░░░░░░░░░░░  6.5% ( 41/203)
Web node_modules\expo-router\entry.js ▓▓░░░░░░░░░░░░░░ 16.0% ( 4/10)
λ node_modules\expo-router\node\render.js ▓░░░░░░░░░░░░░░░  6.5% ( 42/203)
Web node_modules\expo-router\entry.js ▓▓░░░░░░░░░░░░░░ 16.0% ( 4/10)
λ node_modules\expo-router\node\render.js ▓░░░░░░░░░░░░░░░ 10.6% ( 85/262)
Web node_modules\expo-router\entry.js ▓▓▓▓▓░░░░░░░░░░░ 36.0% ( 6/10)
λ node_modules\expo-router\node\render.js ▓▓░░░░░░░░░░░░░░ 15.8% (121/304)
Web node_modules\expo-router\entry.js ▓▓▓▓▓▓▓░░░░░░░░░ 49.0% ( 9/16)
λ node_modules\expo-router\node\render.js ▓▓▓░░░░░░░░░░░░░ 23.4% (176/364)
Web node_modules\expo-router\entry.js ▓▓▓▓▓▓▓░░░░░░░░░ 49.0% ( 9/16)
λ node_modules\expo-router\node\render.js ▓▓▓▓▓░░░░░░░░░░░ 34.6% (257/437)
Web node_modules\expo-router\entry.js ▓▓▓▓▓▓▓░░░░░░░░░ 49.0% (20/41)
λ node_modules\expo-router\node\render.js ▓▓▓▓▓▓▓░░░░░░░░░ 45.3% (327/497)
Web node_modules\expo-router\entry.js ▓▓▓▓▓▓▓░░░░░░░░░ 49.0% ( 22/103)
λ node_modules\expo-router\node\render.js ▓▓▓▓▓▓▓▓▓░░░░░░░ 57.8% (430/617)
Web node_modules\expo-router\entry.js ▓▓▓▓▓▓▓░░░░░░░░░ 49.0% ( 56/183)
λ node_modules\expo-router\node\render.js ▓▓▓▓▓▓▓▓▓░░░░░░░ 60.8% (510/654)
Web node_modules\expo-router\entry.js ▓▓▓▓▓▓▓░░░░░░░░░ 49.0% ( 86/217)
λ node_modules\expo-router\node\render.js ▓▓▓▓▓▓▓▓▓▓░░░░░░ 64.2% (576/728)
Web node_modules\expo-router\entry.js ▓▓▓▓▓▓▓░░░░░░░░░ 49.0% (125/282)
λ node_modules\expo-router\node\render.js ▓▓▓▓▓▓▓▓▓▓▓░░░░░ 69.3% (640/769)
Web node_modules\expo-router\entry.js ▓▓▓▓▓▓▓░░░░░░░░░ 49.0% (194/349)
λ node_modules\expo-router\node\render.js ▓▓▓▓▓▓▓▓▓▓▓░░░░░ 70.8% (678/817)
Web node_modules\expo-router\entry.js ▓▓▓▓▓▓▓░░░░░░░░░ 49.0% (240/369)
λ node_modules\expo-router\node\render.js ▓▓▓▓▓▓▓▓▓▓▓▓░░░░ 77.0% (761/867)
Web node_modules\expo-router\entry.js ▓▓▓▓▓▓▓░░░░░░░░░ 49.0% (341/561)
λ node_modules\expo-router\node\render.js ▓▓▓▓▓▓▓▓▓▓▓▓░░░░ 79.9% (794/889)
Web node_modules\expo-router\entry.js ▓▓▓▓▓▓▓░░░░░░░░░ 49.0% (383/593)
λ node_modules\expo-router\node\render.js ▓▓▓▓▓▓▓▓▓▓▓▓▓░░░ 84.6% (868/950)
Web node_modules\expo-router\entry.js ▓▓▓▓▓▓▓▓░░░░░░░░ 51.5% (490/683)
λ node_modules\expo-router\node\render.js ▓▓▓▓▓▓▓▓▓▓▓▓▓░░░ 85.0% (885/960)
Web node_modules\expo-router\entry.js ▓▓▓▓▓▓▓▓░░░░░░░░ 54.7% (554/749)
λ node_modules\expo-router\node\render.js ▓▓▓▓▓▓▓▓▓▓▓▓▓▓░░ 93.2% (949/986)
Web node_modules\expo-router\entry.js ▓▓▓▓▓▓▓▓▓▓▓░░░░░ 69.9% (677/815)
λ node_modules\expo-router\node\render.js ▓▓▓▓▓▓▓▓▓▓▓▓▓▓▓░ 94.2% (959/988)
Web node_modules\expo-router\entry.js ▓▓▓▓▓▓▓▓▓▓▓▓░░░░ 76.5% (778/901)
λ node_modules\expo-router\node\render.js ▓▓▓▓▓▓▓▓▓▓▓▓▓▓▓░ 95.6% (1005/1028)
Web node_modules\expo-router\entry.js ▓▓▓▓▓▓▓▓▓▓▓▓▓░░░ 86.2% (896/965)
λ node_modules\expo-router\node\render.js ▓▓▓▓▓▓▓▓▓▓▓▓▓▓▓░ 96.5% (1022/1047)
Web node_modules\expo-router\entry.js ▓▓▓▓▓▓▓▓▓▓▓▓▓▓░░ 92.1% ( 976/1017)
λ node_modules\expo-router\node\render.js ▓▓▓▓▓▓▓▓▓▓▓▓▓▓▓░ 98.1% (1045/1055)
λ Bundled 80793ms node_modules\expo-router\node\render.js (1058 modules)
Web node_modules\expo-router\entry.js ▓▓▓▓▓▓▓▓▓▓▓▓▓▓▓░ 99.9% (1053/1053)
Web Bundled 83886ms node_modules\expo-router\entry.js (1053 modules)
Error: Premature close
    at onclose (node:internal/streams/end-of-stream:171:30)
    at processTicksAndRejections (node:internal/process/task_queues:84:11)
Web node_modules\expo-router\entry.js ░░░░░░░░░░░░░░░░  0.0% (0/1)
λ Bundled 106ms node_modules\expo-router\node\render.js (1 module)
Web Bundled 1126ms node_modules\expo-router\entry.js (1 module)
Web node_modules\expo-router\entry.js ░░░░░░░░░░░░░░░░  0.0% (0/1)
λ Bundled 210ms node_modules\expo-router\node\render.js (1 module)
Web node_modules\expo-router\entry.js ░░░░░░░░░░░░░░░░  0.0% (0/1)
Web Bundled 4303ms node_modules\expo-router\entry.js (1 module)
Web node_modules\expo-router\entry.js ░░░░░░░░░░░░░░░░  0.0% (0/1)
Web node_modules\expo-router\entry.js ▓▓▓▓▓░░░░░░░░░░░ 34.0% ( 97/216)
Web node_modules\expo-router\entry.js ▓▓▓▓▓▓▓░░░░░░░░░ 44.7% (238/356)
Web node_modules\expo-router\entry.js ▓▓▓▓▓▓▓▓▓░░░░░░░ 58.5% (390/510)
Web node_modules\expo-router\entry.js ▓▓▓▓▓▓▓▓▓▓░░░░░░ 68.6% (520/630)
Web node_modules\expo-router\entry.js ▓▓▓▓▓▓▓▓▓▓▓▓░░░░ 77.6% (657/746)
Web node_modules\expo-router\entry.js ▓▓▓▓▓▓▓▓▓▓▓▓▓░░░ 81.5% (768/887)
Web node_modules\expo-router\entry.js ▓▓▓▓▓▓▓▓▓▓▓▓▓░░░ 87.2% (908/976)
Web node_modules\expo-router\entry.js ▓▓▓▓▓▓▓▓▓▓▓▓▓▓▓░ 99.4% (1048/1051)
Web Bundled 28970ms node_modules\expo-router\entry.js (1056 modules)
 LOG  [web] Logs will appear in the browser console
Web node_modules\expo-router\entry.js ░░░░░░░░░░░░░░░░  0.0% (0/1)
λ Bundled 92ms node_modules\expo-router\node\render.js (1 module)
Web Bundled 1561ms node_modules\expo-router\entry.js (1 module)
Web Bundled 125ms node_modules\expo-router\entry.js (1 module)
 LOG  [web] Logs will appear in the browser console
^C^C